Completed 60 Hz, repetition 1/3
Completed 60 Hz, repetition 2/3
Completed 60 Hz, repetition 3/3
Completed 100 Hz, repetition 1/3
Completed 100 Hz, repetition 2/3
Completed 100 Hz, repetition 3/3
Completed 200 Hz, repetition 1/3
Completed 200 Hz, repetition 2/3
Completed 200 Hz, repetition 3/3
{
  "case": "CASE C",
  "observed_expected_scale_mean": 0.010000156642741434,
  "scale_min": 0.0099995103092929,
  "scale_max": 0.01000215091182025,
  "references_verified": true,
  "checks": {
    "thrust_10N_absolute_error_below_0_05N": true,
    "gravity_default_9_8_error_below_0_02_m_s2": true,
    "neutral_zero_motion_below_1e_6_m_s": true,
    "no_collisions": true,
    "sensor_delta_time_consistent_with_timestamp": true,
    "angular_motion_below_1e_4_rad_s": true,
    "quadratic_doubling_ratios_near_4": true
  },
  "max_thrust_reference_error_N": 6.186239733807497e-07,
  "max_gravity_error_m_s2": 7.160639707848304e-07,
  "quadratic_doubling": [
    {
      "ticks_per_sec": 60,
      "trial": 0,
      "observed_force_ratios": [
        3.999979913830833,
        4.000140603893709
      ]
    },
    {
      "ticks_per_sec": 60,
      "trial": 1,
      "observed_force_ratios": [
        3.9999799138308467,
        4.000140603893603
      ]
    },
    {
      "ticks_per_sec": 60,
      "trial": 2,
      "observed_force_ratios": [
        3.9999799138308467,
        4.000140603893709
      ]
    },
    {
      "ticks_per_sec": 100,
      "trial": 0,
      "observed_force_ratios": [
        4.000270639324095,
        3.9998892914038073
      ]
    },
    {
      "ticks_per_sec": 100,
      "trial": 1,
      "observed_force_ratios": [
        4.000270639324095,
        3.9998892914038073
      ]
    },
    {
      "ticks_per_sec": 100,
      "trial": 2,
      "observed_force_ratios": [
        4.000270639324095,
        3.9998892914036297
      ]
    },
    {
      "ticks_per_sec": 200,
      "trial": 0,
      "observed_force_ratios": [
        3.9993409830980284,
        3.9996704372512606
      ]
    },
    {
      "ticks_per_sec": 200,
      "trial": 1,
      "observed_force_ratios": [
        3.9993409830980284,
        3.9996704372512606
      ]
    },
    {
      "ticks_per_sec": 200,
      "trial": 2,
      "observed_force_ratios": [
        3.9993409830980284,
        3.9996704372510834
      ]
    }
  ],
  "drag_families": {
    "current_x_magnitudes": null,
    "signed_axes_and_yaw": null,
    "autodrag_still_water": {
      "cases": [
        "autodrag_0_-1",
        "autodrag_1_-1",
        "autodrag_1_1",
        "autodrag_2_-1",
        "autodrag_2_1",
        "autodrag_x_0.2",
        "autodrag_x_0.4",
        "autodrag_x_0.8",
        "autodrag_yaw90_world_x"
      ],
      "first_pulse_records": 81,
      "first_pulse_scale_mean": 0.010000136472730571,
      "first_pulse_scale_min": 0.009999510309292702,
      "first_pulse_scale_max": 0.01000215091182025,
      "first_pulse_scale_stdev": 5.786803955863092e-07,
      "maximum_source_prediction_error_m_s": 4.494186567338687e-08,
      "step_observations": 648,
      "step_scale_mean": 0.009999993034349099,
      "step_scale_min": 0.009997537078114333,
      "step_scale_max": 0.01000215091182025
    }
  },
  "force_reconstruction": "m*(v_next/(1-linear_damping*dt)-v_before)/dt; known UE5.3 integrator, no physical fitting"
}
