Completed 60 Hz, repetition 1/3
Completed 60 Hz, repetition 2/3
Completed 60 Hz, repetition 3/3
Completed 100 Hz, repetition 1/3
Completed 100 Hz, repetition 2/3
Completed 100 Hz, repetition 3/3
Completed 200 Hz, repetition 1/3
Completed 200 Hz, repetition 2/3
Completed 200 Hz, repetition 3/3
{
  "case": "CASE C",
  "observed_expected_scale_mean": 0.009999999703068724,
  "scale_min": 0.009999999188257584,
  "scale_max": 0.01000000038952784,
  "references_verified": true,
  "checks": {
    "thrust_10N_absolute_error_below_0_05N": true,
    "gravity_default_9_8_error_below_0_02_m_s2": true,
    "neutral_zero_motion_below_1e_6_m_s": true,
    "no_collisions": true,
    "sensor_delta_time_consistent_with_timestamp": true,
    "angular_motion_below_1e_4_rad_s": true,
    "quadratic_doubling_ratios_near_4": true
  },
  "max_thrust_reference_error_N": 6.186246395145645e-07,
  "max_gravity_error_m_s2": 7.160639707848304e-07,
  "quadratic_doubling": [
    {
      "ticks_per_sec": 60,
      "trial": 0,
      "observed_force_ratios": [
        4.0,
        4.0,
        3.9999999999999867
      ]
    },
    {
      "ticks_per_sec": 60,
      "trial": 1,
      "observed_force_ratios": [
        4.0,
        4.0,
        4.0
      ]
    },
    {
      "ticks_per_sec": 60,
      "trial": 2,
      "observed_force_ratios": [
        4.0,
        4.0,
        4.0
      ]
    },
    {
      "ticks_per_sec": 100,
      "trial": 0,
      "observed_force_ratios": [
        4.0,
        4.0,
        4.0
      ]
    },
    {
      "ticks_per_sec": 100,
      "trial": 1,
      "observed_force_ratios": [
        3.999999999999911,
        4.0,
        4.0
      ]
    },
    {
      "ticks_per_sec": 100,
      "trial": 2,
      "observed_force_ratios": [
        4.000000000000178,
        4.0,
        3.999999999999822
      ]
    },
    {
      "ticks_per_sec": 200,
      "trial": 0,
      "observed_force_ratios": [
        4.0,
        4.0,
        4.0
      ]
    },
    {
      "ticks_per_sec": 200,
      "trial": 1,
      "observed_force_ratios": [
        3.999999999999911,
        4.0,
        4.0
      ]
    },
    {
      "ticks_per_sec": 200,
      "trial": 2,
      "observed_force_ratios": [
        4.000000000000178,
        4.0,
        3.999999999999822
      ]
    }
  ],
  "drag_families": {
    "current_x_magnitudes": {
      "cases": [
        "current_x_0.1",
        "current_x_0.2",
        "current_x_0.4",
        "current_x_0.8"
      ],
      "first_pulse_records": 36,
      "first_pulse_scale_mean": 0.009999999703068724,
      "first_pulse_scale_min": 0.009999999188257584,
      "first_pulse_scale_max": 0.01000000038952784,
      "first_pulse_scale_stdev": 5.123791461850337e-10,
      "maximum_source_prediction_error_m_s": 2.2096165001872503e-10,
      "step_observations": 288,
      "step_scale_mean": 0.009999999936442372,
      "step_scale_min": 0.00999999681444337,
      "step_scale_max": 0.010000003412360424
    },
    "signed_axes_and_yaw": {
      "cases": [
        "current_1_-1",
        "current_1_1",
        "current_2_-1",
        "current_2_1",
        "current_x_negative",
        "yaw90_world_current"
      ],
      "first_pulse_records": 54,
      "first_pulse_scale_mean": 0.009999999703068705,
      "first_pulse_scale_min": 0.009999999188257584,
      "first_pulse_scale_max": 0.01000000038952784,
      "first_pulse_scale_stdev": 5.099565451380508e-10,
      "maximum_source_prediction_error_m_s": 7.881266906456519e-11,
      "step_observations": 432,
      "step_scale_mean": 0.009999999917722555,
      "step_scale_min": 0.009999996814443149,
      "step_scale_max": 0.010000003412360644
    },
    "autodrag_still_water": {
      "cases": [
        "moving_zero_current"
      ],
      "first_pulse_records": 9,
      "first_pulse_scale_mean": 0.010000126387725128,
      "first_pulse_scale_min": 0.009999510309292968,
      "first_pulse_scale_max": 0.01000050301519351,
      "first_pulse_scale_stdev": 4.6586115763188253e-07,
      "maximum_source_prediction_error_m_s": 2.5663686842314348e-08,
      "step_observations": 72,
      "step_scale_mean": 0.010000000636370507,
      "step_scale_min": 0.009997868252171182,
      "step_scale_max": 0.010001038530272682
    }
  },
  "force_reconstruction": "m*(v_next/(1-linear_damping*dt)-v_before)/dt; known UE5.3 integrator, no physical fitting"
}
